240-SIW2CS4WT7SJTKMSQPVPSQVFOSFOBJS9B8USENMVSALICSL39TSLNXASOBCPS7AJISTNBOSYF0H
95-SIW2CS4WT7SJTKMSQPVP 145-SQVFOSFOBJS9B8USENMVSALICSL39TSLNXASOBCPS7AJISTNBOSYF0H
46-SIW2CS4WT7 49-SJTKMSQPVP 62-SQVFOSFOBJS9B8USENMVSALICSL39T 83-SLNXASOBCPS7AJISTNBOSYF0H
22-SIW2C 24-S4WT7 24-SJTKM 25-SQPVP 26-SQVFOSFOBJ 36-S9B8USENMVSALICSL39T 41-SLNXASOBCPS7AJI 42-STNBOSYF0H
11-SQVFO 15-SFOBJ 18-S9B8USENMVSALIC 18-SL39T 20-SLNXA 21-SOBCPS7AJI 21-STNBO 21-SYF0H
9-S9B8U 9-SENMVSALIC 10-SOBCP 11-S7AJI
4-SENMV 5-SALIC
