533-STPBUFSTZMYJSTEHT3STJYQ4ST6IGQSTT675ST485BST6HQKST6A19STV43GST9ZW2STDM43STOULUST6HZMSTALLDSTFVESSTDER4STMPZVSTTGNZSTNAD9
203-STPBUFSTZMYJSTEHT3STJYQ4ST6IGQSTT675ST485BST6HQKST6A19STV43G 330-ST9ZW2STDM43STOULUST6HZMSTALLDSTFVESSTDER4STMPZVSTTGNZSTNAD9
95-STPBUFSTZMYJSTEHT3STJYQ4ST6IGQSTT675ST485B 108-ST6HQKST6A19STV43G 157-ST9ZW2STDM43STOULUST6HZMSTALLDSTFVES 173-STDER4STMPZVSTTGNZSTNAD9
46-STPBUFSTZMYJSTEHT3STJYQ4ST6IGQSTT675 49-ST485B 49-ST6HQK 59-ST6A19STV43G 76-ST9ZW2STDM43 81-STOULUST6HZMSTALLDSTFVES 85-STDER4STMPZV 88-STTGNZSTNAD9
22-STPBUFSTZMYJSTEHT3STJYQ4ST6IGQ 24-STT675 25-ST6A19 34-STV43G 38-ST9ZW2 38-STDM43 39-STOULUST6HZM 42-STALLDSTFVES 42-STDER4 43-STMPZV 43-STTGNZ 45-STNAD9
11-STPBUF 11-STZMYJSTEHT3STJYQ4ST6IGQ 19-STOULU 20-ST6HZM 20-STALLD 22-STFVES
4-STZMYJ 7-STEHT3STJYQ4ST6IGQ
3-STEHT3 4-STJYQ4ST6IGQ
1-STJYQ4 3-ST6IGQ
